Microchip MPLAB XC8 Compiler V2.46

Linker command line:

-W-3 \
  --edf=C:\Program Files\Microchip\xc8\v2.46\pic\dat\20240104201356_en.msgs \
  -cn -h+dist/default/production\keypad_matrix_driver.X.production.sym \
  --cmf=dist/default/production\keypad_matrix_driver.X.production.cmf -z \
  -Q18F4580 -oC:\Users\anton\AppData\Local\Temp\xcAsg0k.\driver_tmp_3.o \
  --defsym=__MPLAB_BUILD=1 --fixupoverflow=error \
  -Mdist/default/production/keypad_matrix_driver.X.production.map \
  --md=C:\Users\anton\AppData\Local\Temp\xcAsg0k.\driver_tmp_0.dat -E1 \
  -ver=XC8 Compiler --acfsm=1493 -ACODE=00h-07FFFh -ACONST=00h-07FFFh \
  -ASMALLCONST=0600h-06FFhx122 -AMEDIUMCONST=0600h-07FFFh -ACOMRAM=01h-05Fh \
  -AABS1=00h-05FFh -ABIGRAM=01h-05FFh -ARAM=060h-0FFh,0100h-01FFhx5 \
  -ABANK0=060h-0FFh -ABANK1=0100h-01FFh -ABANK2=0200h-02FFh \
  -ABANK3=0300h-03FFh -ABANK4=0400h-04FFh -ABANK5=0500h-05FFh \
  -ASFR=0D00h-0DFFhx2,0F00h-0F5Fh,0F60h-0FFFh -ABIGSFR=0D00h-0FFFh \
  -ACONFIG=0300000h-030000Dh -AIDLOC=0200000h-0200007h \
  -AEEDATA=0F00000h-0F000FFh -peeprom_data=EEDATA \
  -preset_vec=00h,intcode,sivt_hi,intcodelo,sivt_lo,powerup,init \
  -pramtop=0600h -psmallconst=SMALLCONST -pmediumconst=MEDIUMCONST \
  -pconst=CONST -AFARRAM=00h-00h \
  -prdata=COMRAM,nvrram=COMRAM,nvbit=COMRAM,rbss=COMRAM,rbit=COMRAM \
  -pfarbss=FARRAM,fardata=FARRAM,nvFARRAM=FARRAM \
  -pintsave_regs=BIGRAM,bigbss=BIGRAM,bigdata=BIGRAM -pbss=RAM \
  -pidata=CODE,irdata=CODE,ibigdata=CODE,ifardata=CODE -prparam=COMRAM \
  C:\Users\anton\AppData\Local\Temp\xcAsg0k.\driver_tmp_9.o \
  dist/default/production\keypad_matrix_driver.X.production.o 

Object code version is 3.11

Machine type is 18F4580



                Name                               Link     Load   Length Selector   Space Scale
C:\Users\anton\AppData\Local\Temp\xcAsg0k.\driver_tmp_9.o
                init                                  0        0        4        0       0
dist/default/production\keypad_matrix_driver.X.production.o
                smallconst                          600      600       52      300       0
                text7                               E8E      E8E       48      329       0
                text6                               F0E      F0E       38      329       0
                text5                               ED6      ED6       38      329       0
                text4                               F7C      F7C       34      329       0
                text3                               AAC      AAC      29E      329       0
                text2                               D4A      D4A       E6      329       0
                text1                               E30      E30       5E      329       0
                text0                               652      652      45A      329       0
                cstackCOMRAM                          1        1       13        1       1
                dataCOMRAM                           14       14        F        1       1
                bssCOMRAM                            23       23        D        1       1
                cinit                               F46      F46       36      329       0
                idataCOMRAM                         FB0      FB0        F      329       0

TOTAL           Name                               Link     Load   Length     Space
        CLASS   CODE           
                init                                  0        0        4         0
                text7                               E8E      E8E       48         0
                text6                               F0E      F0E       38         0
                text5                               ED6      ED6       38         0
                text4                               F7C      F7C       34         0
                text3                               AAC      AAC      29E         0
                text2                               D4A      D4A       E6         0
                text1                               E30      E30       5E         0
                text0                               652      652      45A         0
                cinit                               F46      F46       36         0
                idataCOMRAM                         FB0      FB0        F         0

        CLASS   CONST          

        CLASS   SMALLCONST     
                smallconst                          600      600       52         0

        CLASS   MEDIUMCONST    

        CLASS   COMRAM         
                cstackCOMRAM                          1        1       13         1
                dataCOMRAM                           14       14        F         1
                bssCOMRAM                            23       23        D         1

        CLASS   ABS1           

        CLASS   BIGRAM         

        CLASS   RAM            

        CLASS   BANK0          

        CLASS   BANK1          

        CLASS   BANK2          

        CLASS   BANK3          

        CLASS   BANK4          

        CLASS   BANK5          

        CLASS   SFR            

        CLASS   BIGSFR         

        CLASS   CONFIG         

        CLASS   IDLOC          

        CLASS   EEDATA         

        CLASS   FARRAM         

        CLASS   HEAP           

        CLASS   STACK          



SEGMENTS        Name                           Load    Length   Top    Selector   Space  Class

                reset_vec                      000000  000004  000004         0       0  CODE    
                cstackCOMRAM                   000001  00002F  000030         1       1  COMRAM  
                smallconst                     000600  000052  000652       300       0  SMALLCON
                text0                          000652  00096D  000FBF       329       0  CODE    


UNUSED ADDRESS RANGES

        Name                Unused          Largest block    Delta
        BANK0            0060-00FF             A0
        BANK1            0100-01FF            100
        BANK2            0200-02FF            100
        BANK3            0300-03FF            100
        BANK4            0400-04FF            100
        BANK5            0500-05FF            100
        BIGRAM           0030-05FF            5D0
        BIGSFR           0D00-0FFF            300
        CODE             0004-05FF            5FC
                         0FBF-7FFF           7041
        COMRAM           0030-005F             30
        CONFIG           300000-30000D              E
        CONST            0004-05FF            5FC
                         0FBF-7FFF           7041
        EEDATA           F00000-F000FF            100
        IDLOC            200000-200007              8
        MEDIUMCONST      0FBF-7FFF           7041
        RAM              0060-05FF            100
        SFR              0D00-0FFF            100
        SMALLCONST       0FBF-7FFF            100

                                  Symbol Table

?_strcmp                 cstackCOMRAM 0001
_ADCON1                  (abs)        0FC1
_PORTB                   (abs)        0F81
_PORTD                   (abs)        0F83
_RB4                     (abs)        7C0C
_RB5                     (abs)        7C0D
_RB6                     (abs)        7C0E
_RB7                     (abs)        7C0F
_RC0                     (abs)        7C10
_RC1                     (abs)        7C11
_RC2                     (abs)        7C12
_TRISB                   (abs)        0F93
_TRISC                   (abs)        0F94
_TRISD                   (abs)        0F95
__HRAM                   (abs)        0000
__H__absolute__          __absolute__ 0000
__Habs1                  abs1         0000
__Hbank0                 bank0        0000
__Hbank1                 bank1        0000
__Hbank2                 bank2        0000
__Hbank3                 bank3        0000
__Hbank4                 bank4        0000
__Hbank5                 bank5        0000
__Hbigbss                bigbss       0000
__Hbigdata               bigdata      0000
__Hbigram                bigram       0000
__Hbigsfr                bigsfr       0000
__Hbss                   bss          0000
__HbssCOMRAM             bssCOMRAM    0000
__Hcinit                 cinit        0000
__Hclrtext               clrtext      0000
__Hcomram                comram       0000
__Hconfig                config       0000
__Hconst                 const        0000
__HcstackCOMRAM          cstackCOMRAM 0000
__Hdata                  data         0000
__HdataCOMRAM            dataCOMRAM   0000
__Heeprom_data           eeprom_data  0000
__Hfarbss                farbss       0000
__Hfardata               fardata      0000
__Hheap                  heap         0000
__Hibigdata              ibigdata     0000
__Hidata                 idata        0000
__HidataCOMRAM           idataCOMRAM  0000
__Hidloc                 idloc        0000
__Hifardata              ifardata     0000
__Hinit                  init         0004
__Hintcode               intcode      0000
__Hintcode_body          intcode_body 0000
__Hintcodelo             intcodelo    0000
__Hintentry              intentry     0000
__Hintret                intret       0000
__Hintsave_regs          intsave_regs 0000
__Hirdata                irdata       0000
__Hmediumconst           mediumconst  0000
__HnvFARRAM              nvFARRAM     0000
__Hnvbit                 nvbit        0000
__Hnvrram                nvrram       0000
__Hparam                 rparam       0000
__Hpowerup               powerup      0000
__Hram                   ram          0000
__Hramtop                ramtop       0600
__Hrbit                  rbit         0000
__Hrbss                  rbss         0000
__Hrdata                 rdata        0000
__Hreset_vec             reset_vec    0000
__Hrparam                rparam       0000
__Hsfr                   sfr          0000
__Hsivt_hi               sivt_hi      0000
__Hsivt_lo               sivt_lo      0000
__Hsmallconst            smallconst   0652
__Hspace_0               (abs)        0FBF
__Hspace_1               (abs)        0030
__Hspace_2               (abs)        0000
__Hspace_4               (abs)        0000
__Hstack                 stack        0000
__Hstruct                struct       0000
__Htemp                  temp         0000
__Htext                  text         0000
__Htext0                 text0        0000
__Htext1                 text1        0000
__Htext2                 text2        0000
__Htext3                 text3        0000
__Htext4                 text4        0000
__Htext5                 text5        0000
__Htext6                 text6        0000
__Htext7                 text7        0000
__LRAM                   (abs)        0001
__L__absolute__          __absolute__ 0000
__Labs1                  abs1         0000
__Lbank0                 bank0        0000
__Lbank1                 bank1        0000
__Lbank2                 bank2        0000
__Lbank3                 bank3        0000
__Lbank4                 bank4        0000
__Lbank5                 bank5        0000
__Lbigbss                bigbss       0000
__Lbigdata               bigdata      0000
__Lbigram                bigram       0000
__Lbigsfr                bigsfr       0000
__Lbss                   bss          0000
__LbssCOMRAM             bssCOMRAM    0000
__Lcinit                 cinit        0000
__Lclrtext               clrtext      0000
__Lcomram                comram       0000
__Lconfig                config       0000
__Lconst                 const        0000
__LcstackCOMRAM          cstackCOMRAM 0000
__Ldata                  data         0000
__LdataCOMRAM            dataCOMRAM   0000
__Leeprom_data           eeprom_data  0000
__Lfarbss                farbss       0000
__Lfardata               fardata      0000
__Lheap                  heap         0000
__Libigdata              ibigdata     0000
__Lidata                 idata        0000
__LidataCOMRAM           idataCOMRAM  0000
__Lidloc                 idloc        0000
__Lifardata              ifardata     0000
__Linit                  init         0000
__Lintcode               intcode      0000
__Lintcode_body          intcode_body 0000
__Lintcodelo             intcodelo    0000
__Lintentry              intentry     0000
__Lintret                intret       0000
__Lintsave_regs          intsave_regs 0000
__Lirdata                irdata       0000
__Lmediumconst           mediumconst  0000
__LnvFARRAM              nvFARRAM     0000
__Lnvbit                 nvbit        0000
__Lnvrram                nvrram       0000
__Lparam                 rparam       0000
__Lpowerup               powerup      0000
__Lram                   ram          0000
__Lramtop                ramtop       0600
__Lrbit                  rbit         0000
__Lrbss                  rbss         0000
__Lrdata                 rdata        0000
__Lreset_vec             reset_vec    0000
__Lrparam                rparam       0000
__Lsfr                   sfr          0000
__Lsivt_hi               sivt_hi      0000
__Lsivt_lo               sivt_lo      0000
__Lsmallconst            smallconst   0600
__Lspace_0               (abs)        0000
__Lspace_1               (abs)        0000
__Lspace_2               (abs)        0000
__Lspace_4               (abs)        0000
__Lstack                 stack        0000
__Lstruct                struct       0000
__Ltemp                  temp         0000
__Ltext                  text         0000
__Ltext0                 text0        0000
__Ltext1                 text1        0000
__Ltext2                 text2        0000
__Ltext3                 text3        0000
__Ltext4                 text4        0000
__Ltext5                 text5        0000
__Ltext6                 text6        0000
__Ltext7                 text7        0000
__S0                     (abs)        0FBF
__S1                     (abs)        0030
__S4                     (abs)        0000
__S5                     (abs)        0000
___heap_hi               (abs)        0000
___heap_lo               (abs)        0000
___inthi_sp              stack        0000
___inthi_stack_hi        stack        0000
___inthi_stack_lo        stack        0000
___intlo_sp              stack        0000
___intlo_stack_hi        stack        0000
___intlo_stack_lo        stack        0000
___param_bank            (abs)        0000
___rparam_used           (abs)        0001
___sp                    stack        0000
___stack_hi              stack        0000
___stack_lo              stack        0000
__accesstop              (abs)        0060
__activetblptr           (abs)        0002
__end_of__initialization cinit        0F72
__end_of_delay           text7        0ED6
__end_of_keypad          text3        0D4A
__end_of_lcdctrl         text6        0F46
__end_of_lcddisp         text5        0F0E
__end_of_lcdstring       text4        0FB0
__end_of_main            text0        0AAC
__end_of_newcode         text2        0E30
__end_of_strcmp          text1        0E8E
__initialization         cinit        0F46
__mediumconst            mediumconst  0000
__pbssCOMRAM             bssCOMRAM    0023
__pcinit                 cinit        0F46
__pcstackCOMRAM          cstackCOMRAM 0001
__pdataCOMRAM            dataCOMRAM   0014
__pidataCOMRAM           idataCOMRAM  0FB0
__psmallconst            smallconst   0600
__ptext0                 text0        0652
__ptext1                 text1        0E30
__ptext2                 text2        0D4A
__ptext3                 text3        0AAC
__ptext4                 text4        0F7C
__ptext5                 text5        0ED6
__ptext6                 text6        0F0E
__ptext7                 text7        0E8E
__ramtop                 ramtop       0600
__smallconst             smallconst   0600
_a                       bssCOMRAM    002F
_c1                      bssCOMRAM    002D
_c2                      bssCOMRAM    002B
_delay                   text7        0E8E
_flag                    bssCOMRAM    0025
_flag2                   bssCOMRAM    0023
_index                   bssCOMRAM    0029
_index2                  bssCOMRAM    0027
_inp                     dataCOMRAM   001E
_keypad                  text3        0AAC
_lcdctrl                 text6        0F0E
_lcddisp                 text5        0ED6
_lcdstring               text4        0F7C
_main                    text0        0652
_new                     dataCOMRAM   0019
_newcode                 text2        0D4A
_pass                    dataCOMRAM   0014
_strcmp                  text1        0E30
delay@i                  cstackCOMRAM 0006
delay@time               cstackCOMRAM 0001
end_of_initialization    cinit        0F72
intlevel0                text         0000
intlevel1                text         0000
intlevel2                text         0000
intlevel3                text         0000
isa$std                  (abs)        0001
isa$xinst                (abs)        0000
lcdctrl@a                cstackCOMRAM 000A
lcddisp@b                cstackCOMRAM 000A
lcdstring@p              cstackCOMRAM 000B
main@j                   cstackCOMRAM 000C
main@j_91                cstackCOMRAM 000E
main@j_94                cstackCOMRAM 0010
main@j_96                cstackCOMRAM 0012
stackhi                  (abs)        0000
stacklo                  (abs)        0000
start                    init         0000
start_initialization     cinit        0F46
strcmp@l                 cstackCOMRAM 0001
strcmp@r                 cstackCOMRAM 0002


MODULE INFORMATION

Module		Function		Class		Link	Load	Size
password_edit.c
		_newcode       		CODE           	0D4A	0000	230
		_delay         		CODE           	0E8E	0000	72
		_main          		CODE           	0652	0000	1114
		_keypad        		CODE           	0AAC	0000	670
		_lcdctrl       		CODE           	0F0E	0000	56
		_lcddisp       		CODE           	0ED6	0000	56
		_lcdstring     		CODE           	0F7C	0000	52

password_edit.c estimated size: 2250

C:\Program Files\Microchip\xc8\v2.46\pic\sources\c99\common\strcmp.c
		_strcmp        		CODE           	0E30	0000	94

C:\Program Files\Microchip\xc8\v2.46\pic\sources\c99\common\strcmp.c estimated size: 94

shared
		__initialization		CODE           	0F46	0000	44

shared estimated size: 44

