Microchip MPLAB XC8 Compiler V2.46

Linker command line:

-W-3 \
  --edf=C:\Program Files\Microchip\xc8\v2.46\pic\dat\20240104201356_en.msgs \
  -cn -h+dist/default/production\ADC.X.production.sym \
  --cmf=dist/default/production\ADC.X.production.cmf -z -Q18F4580 \
  -oC:\Users\anton\AppData\Local\Temp\xcAsf7k.\driver_tmp_3.o \
  --defsym=__MPLAB_BUILD=1 --fixupoverflow=error \
  -Mdist/default/production/ADC.X.production.map \
  --md=C:\Users\anton\AppData\Local\Temp\xcAsf7k.\driver_tmp_0.dat -E1 \
  -ver=XC8 Compiler --acfsm=1493 -ACODE=00h-07FFFh -ACONST=00h-07FFFh \
  -ASMALLCONST=0600h-06FFhx122 -AMEDIUMCONST=0600h-07FFFh -ACOMRAM=01h-05Fh \
  -AABS1=00h-05FFh -ABIGRAM=01h-05FFh -ARAM=060h-0FFh,0100h-01FFhx5 \
  -ABANK0=060h-0FFh -ABANK1=0100h-01FFh -ABANK2=0200h-02FFh \
  -ABANK3=0300h-03FFh -ABANK4=0400h-04FFh -ABANK5=0500h-05FFh \
  -ASFR=0D00h-0DFFhx2,0F00h-0F5Fh,0F60h-0FFFh -ABIGSFR=0D00h-0FFFh \
  -ACONFIG=0300000h-030000Dh -AIDLOC=0200000h-0200007h \
  -AEEDATA=0F00000h-0F000FFh -peeprom_data=EEDATA \
  -preset_vec=00h,intcode,sivt_hi,intcodelo,sivt_lo,powerup,init \
  -pramtop=0600h -psmallconst=SMALLCONST -pmediumconst=MEDIUMCONST \
  -pconst=CONST -AFARRAM=00h-00h \
  -prdata=COMRAM,nvrram=COMRAM,nvbit=COMRAM,rbss=COMRAM,rbit=COMRAM \
  -pfarbss=FARRAM,fardata=FARRAM,nvFARRAM=FARRAM \
  -pintsave_regs=BIGRAM,bigbss=BIGRAM,bigdata=BIGRAM -pbss=RAM \
  -pidata=CODE,irdata=CODE,ibigdata=CODE,ifardata=CODE -prparam=COMRAM \
  C:\Users\anton\AppData\Local\Temp\xcAsf7k.\driver_tmp_14.o \
  dist/default/production\ADC.X.production.o 

Object code version is 3.11

Machine type is 18F4580



                Name                               Link     Load   Length Selector   Space Scale
C:\Users\anton\AppData\Local\Temp\xcAsf7k.\driver_tmp_14.o
                init                                  0        0        4        0       0
dist/default/production\ADC.X.production.o
                smallconst                          600      600       18      300       0
                text19                              618      618      42A      30C       0
                text18                              E6E      E6E      106      30C       0
                text17                              A42      A42      1B4      30C       0
                text16                             13BC     13BC       48      30C       0
                text15                             1076     1076       C4      30C       0
                text14                             113A     113A       B0      30C       0
                text13                             14AE     14AE       34      30C       0
                text12                             156A     156A        2      30C       0
                text11                             11EA     11EA       AA      30C       0
                text10                             1404     1404       3C      30C       0
                text9                              1332     1332       8A      30C       0
                text8                               BF6      BF6      140      30C       0
                text7                              1510     1510       26      30C       0
                text6                              1294     1294       9E      30C       0
                text5                               F74      F74      102      30C       0
                text4                              1440     1440       3A      30C       0
                text3                              147A     147A       34      30C       0
                text2                              14E2     14E2       2E      30C       0
                text1                              1552     1552       18      30C       0
                text0                               D36      D36      138      30C       0
                cstackCOMRAM                          1        1       5D        1       1
                bssBANK0                             60       60       24       60       1
                bssCOMRAM                            5E       5E        1        1       1
                cinit                              1536     1536       1C      30C       0

TOTAL           Name                               Link     Load   Length     Space
        CLASS   CODE           
                init                                  0        0        4         0
                text19                              618      618      42A         0
                text18                              E6E      E6E      106         0
                text17                              A42      A42      1B4         0
                text16                             13BC     13BC       48         0
                text15                             1076     1076       C4         0
                text14                             113A     113A       B0         0
                text13                             14AE     14AE       34         0
                text12                             156A     156A        2         0
                text11                             11EA     11EA       AA         0
                text10                             1404     1404       3C         0
                text9                              1332     1332       8A         0
                text8                               BF6      BF6      140         0
                text7                              1510     1510       26         0
                text6                              1294     1294       9E         0
                text5                               F74      F74      102         0
                text4                              1440     1440       3A         0
                text3                              147A     147A       34         0
                text2                              14E2     14E2       2E         0
                text1                              1552     1552       18         0
                text0                               D36      D36      138         0
                cinit                              1536     1536       1C         0

        CLASS   CONST          

        CLASS   SMALLCONST     
                smallconst                          600      600       18         0

        CLASS   MEDIUMCONST    

        CLASS   COMRAM         
                cstackCOMRAM                          1        1       5D         1
                bssCOMRAM                            5E       5E        1         1

        CLASS   ABS1           

        CLASS   BIGRAM         

        CLASS   RAM            

        CLASS   BANK0          
                bssBANK0                             60       60       24         1

        CLASS   BANK1          

        CLASS   BANK2          

        CLASS   BANK3          

        CLASS   BANK4          

        CLASS   BANK5          

        CLASS   SFR            

        CLASS   BIGSFR         

        CLASS   CONFIG         

        CLASS   IDLOC          

        CLASS   EEDATA         

        CLASS   FARRAM         

        CLASS   HEAP           

        CLASS   STACK          



SEGMENTS        Name                           Load    Length   Top    Selector   Space  Class

                reset_vec                      000000  000004  000004         0       0  CODE    
                cstackCOMRAM                   000001  00005E  00005F         1       1  COMRAM  
                bssBANK0                       000060  000024  000084        60       1  BANK0   
                smallconst                     000600  000018  000618       300       0  SMALLCON
                text19                         000618  000F54  00156C       30C       0  CODE    


UNUSED ADDRESS RANGES

        Name                Unused          Largest block    Delta
        BANK0            0084-00FF             7C
        BANK1            0100-01FF            100
        BANK2            0200-02FF            100
        BANK3            0300-03FF            100
        BANK4            0400-04FF            100
        BANK5            0500-05FF            100
        BIGRAM           005F-005F              1
                         0084-05FF            57C
        BIGSFR           0D00-0FFF            300
        CODE             0004-05FF            5FC
                         156C-7FFF           6A94
        COMRAM           005F-005F              1
        CONFIG           300000-30000D              E
        CONST            0004-05FF            5FC
                         156C-7FFF           6A94
        EEDATA           F00000-F000FF            100
        IDLOC            200000-200007              8
        MEDIUMCONST      156C-7FFF           6A94
        RAM              0084-05FF            100
        SFR              0D00-0FFF            100
        SMALLCONST       156C-7FFF            100

                                  Symbol Table

?___awdiv                   cstackCOMRAM 0001
?___awmod                   cstackCOMRAM 0001
?___flmul                   cstackCOMRAM 000F
?___fltol                   cstackCOMRAM 0028
?___wmul                    cstackCOMRAM 0001
?___xxtofl                  cstackCOMRAM 0001
?_abs                       cstackCOMRAM 0007
?_read_prec_or_width        cstackCOMRAM 0007
?_sprintf                   cstackCOMRAM 002C
?_strlen                    cstackCOMRAM 0001
?_vfprintf                  cstackCOMRAM 0028
_ADCON0                     (abs)        0FC2
_ADCON1                     (abs)        0FC1
_ADCON2                     (abs)        0FC0
_ADIF                       (abs)        7CF6
_ADRES                      (abs)        0FC3
_GO                         (abs)        7E11
_RCIF                       (abs)        7CF5
_RCREG                      (abs)        0FAE
_RCSTA                      (abs)        0FAB
_SPBRG                      (abs)        0FAF
_TRISA                      (abs)        0F92
_TRISB                      (abs)        0F93
_TRISC                      (abs)        0F94
_TRISD                      (abs)        0F95
_TXIF                       (abs)        7CF4
_TXREG                      (abs)        0FAD
_TXSTA                      (abs)        0FAC
__HRAM                      (abs)        0000
__H__absolute__             __absolute__ 0000
__Habs1                     abs1         0000
__Hbank0                    bank0        0000
__Hbank1                    bank1        0000
__Hbank2                    bank2        0000
__Hbank3                    bank3        0000
__Hbank4                    bank4        0000
__Hbank5                    bank5        0000
__Hbigbss                   bigbss       0000
__Hbigdata                  bigdata      0000
__Hbigram                   bigram       0000
__Hbigsfr                   bigsfr       0000
__Hbss                      bss          0000
__HbssBANK0                 bssBANK0     0000
__HbssCOMRAM                bssCOMRAM    0000
__Hcinit                    cinit        0000
__Hclrtext                  clrtext      0000
__Hcomram                   comram       0000
__Hconfig                   config       0000
__Hconst                    const        0000
__HcstackCOMRAM             cstackCOMRAM 0000
__Hdata                     data         0000
__Heeprom_data              eeprom_data  0000
__Hfarbss                   farbss       0000
__Hfardata                  fardata      0000
__Hheap                     heap         0000
__Hibigdata                 ibigdata     0000
__Hidata                    idata        0000
__Hidloc                    idloc        0000
__Hifardata                 ifardata     0000
__Hinit                     init         0004
__Hintcode                  intcode      0000
__Hintcode_body             intcode_body 0000
__Hintcodelo                intcodelo    0000
__Hintentry                 intentry     0000
__Hintret                   intret       0000
__Hintsave_regs             intsave_regs 0000
__Hirdata                   irdata       0000
__Hmediumconst              mediumconst  0000
__HnvFARRAM                 nvFARRAM     0000
__Hnvbit                    nvbit        0000
__Hnvrram                   nvrram       0000
__Hparam                    rparam       0000
__Hpowerup                  powerup      0000
__Hram                      ram          0000
__Hramtop                   ramtop       0600
__Hrbit                     rbit         0000
__Hrbss                     rbss         0000
__Hrdata                    rdata        0000
__Hreset_vec                reset_vec    0000
__Hrparam                   rparam       0000
__Hsfr                      sfr          0000
__Hsivt_hi                  sivt_hi      0000
__Hsivt_lo                  sivt_lo      0000
__Hsmallconst               smallconst   0618
__Hspace_0                  (abs)        156C
__Hspace_1                  (abs)        0084
__Hspace_2                  (abs)        0000
__Hspace_4                  (abs)        0000
__Hstack                    stack        0000
__Hstruct                   struct       0000
__Htemp                     temp         0000
__Htext                     text         0000
__Htext0                    text0        0000
__Htext1                    text1        0000
__Htext10                   text10       0000
__Htext11                   text11       0000
__Htext12                   text12       0000
__Htext13                   text13       0000
__Htext14                   text14       0000
__Htext15                   text15       0000
__Htext16                   text16       0000
__Htext17                   text17       0000
__Htext18                   text18       0000
__Htext19                   text19       0000
__Htext2                    text2        0000
__Htext3                    text3        0000
__Htext4                    text4        0000
__Htext5                    text5        0000
__Htext6                    text6        0000
__Htext7                    text7        0000
__Htext8                    text8        0000
__Htext9                    text9        0000
__LRAM                      (abs)        0001
__L__absolute__             __absolute__ 0000
__Labs1                     abs1         0000
__Lbank0                    bank0        0000
__Lbank1                    bank1        0000
__Lbank2                    bank2        0000
__Lbank3                    bank3        0000
__Lbank4                    bank4        0000
__Lbank5                    bank5        0000
__Lbigbss                   bigbss       0000
__Lbigdata                  bigdata      0000
__Lbigram                   bigram       0000
__Lbigsfr                   bigsfr       0000
__Lbss                      bss          0000
__LbssBANK0                 bssBANK0     0000
__LbssCOMRAM                bssCOMRAM    0000
__Lcinit                    cinit        0000
__Lclrtext                  clrtext      0000
__Lcomram                   comram       0000
__Lconfig                   config       0000
__Lconst                    const        0000
__LcstackCOMRAM             cstackCOMRAM 0000
__Ldata                     data         0000
__Leeprom_data              eeprom_data  0000
__Lfarbss                   farbss       0000
__Lfardata                  fardata      0000
__Lheap                     heap         0000
__Libigdata                 ibigdata     0000
__Lidata                    idata        0000
__Lidloc                    idloc        0000
__Lifardata                 ifardata     0000
__Linit                     init         0000
__Lintcode                  intcode      0000
__Lintcode_body             intcode_body 0000
__Lintcodelo                intcodelo    0000
__Lintentry                 intentry     0000
__Lintret                   intret       0000
__Lintsave_regs             intsave_regs 0000
__Lirdata                   irdata       0000
__Lmediumconst              mediumconst  0000
__LnvFARRAM                 nvFARRAM     0000
__Lnvbit                    nvbit        0000
__Lnvrram                   nvrram       0000
__Lparam                    rparam       0000
__Lpowerup                  powerup      0000
__Lram                      ram          0000
__Lramtop                   ramtop       0600
__Lrbit                     rbit         0000
__Lrbss                     rbss         0000
__Lrdata                    rdata        0000
__Lreset_vec                reset_vec    0000
__Lrparam                   rparam       0000
__Lsfr                      sfr          0000
__Lsivt_hi                  sivt_hi      0000
__Lsivt_lo                  sivt_lo      0000
__Lsmallconst               smallconst   0600
__Lspace_0                  (abs)        0000
__Lspace_1                  (abs)        0000
__Lspace_2                  (abs)        0000
__Lspace_4                  (abs)        0000
__Lstack                    stack        0000
__Lstruct                   struct       0000
__Ltemp                     temp         0000
__Ltext                     text         0000
__Ltext0                    text0        0000
__Ltext1                    text1        0000
__Ltext10                   text10       0000
__Ltext11                   text11       0000
__Ltext12                   text12       0000
__Ltext13                   text13       0000
__Ltext14                   text14       0000
__Ltext15                   text15       0000
__Ltext16                   text16       0000
__Ltext17                   text17       0000
__Ltext18                   text18       0000
__Ltext19                   text19       0000
__Ltext2                    text2        0000
__Ltext3                    text3        0000
__Ltext4                    text4        0000
__Ltext5                    text5        0000
__Ltext6                    text6        0000
__Ltext7                    text7        0000
__Ltext8                    text8        0000
__Ltext9                    text9        0000
__S0                        (abs)        156C
__S1                        (abs)        0084
__S4                        (abs)        0000
__S5                        (abs)        0000
___awdiv                    text15       1076
___awdiv@counter            cstackCOMRAM 0005
___awdiv@dividend           cstackCOMRAM 0001
___awdiv@divisor            cstackCOMRAM 0003
___awdiv@quotient           cstackCOMRAM 0007
___awdiv@sign               cstackCOMRAM 0006
___awmod                    text14       113A
___awmod@counter            cstackCOMRAM 0005
___awmod@dividend           cstackCOMRAM 0001
___awmod@divisor            cstackCOMRAM 0003
___awmod@sign               cstackCOMRAM 0006
___flmul                    text19       0618
___flmul@a                  cstackCOMRAM 0013
___flmul@aexp               cstackCOMRAM 0020
___flmul@b                  cstackCOMRAM 000F
___flmul@bexp               cstackCOMRAM 0021
___flmul@grs                cstackCOMRAM 001C
___flmul@prod               cstackCOMRAM 0022
___flmul@sign               cstackCOMRAM 001B
___flmul@temp               cstackCOMRAM 0026
___fltol                    text18       0E6E
___fltol@exp1               cstackCOMRAM 0031
___fltol@f1                 cstackCOMRAM 0028
___fltol@sign1              cstackCOMRAM 0030
___heap_hi                  (abs)        0000
___heap_lo                  (abs)        0000
___inthi_sp                 stack        0000
___inthi_stack_hi           stack        0000
___inthi_stack_lo           stack        0000
___intlo_sp                 stack        0000
___intlo_stack_hi           stack        0000
___intlo_stack_lo           stack        0000
___param_bank               (abs)        0000
___rparam_used              (abs)        0001
___sp                       stack        0000
___stack_hi                 stack        0000
___stack_lo                 stack        0000
___wmul                     text7        1510
___wmul@multiplicand        cstackCOMRAM 0003
___wmul@multiplier          cstackCOMRAM 0001
___wmul@product             cstackCOMRAM 0005
___xxtofl                   text17       0A42
___xxtofl@arg               cstackCOMRAM 000B
___xxtofl@exp               cstackCOMRAM 000A
___xxtofl@sign              cstackCOMRAM 0009
___xxtofl@val               cstackCOMRAM 0001
__accesstop                 (abs)        0060
__activetblptr              (abs)        0001
__end_of___awdiv            text15       113A
__end_of___awmod            text14       11EA
__end_of___flmul            text19       0A42
__end_of___fltol            text18       0F74
__end_of___wmul             text7        1536
__end_of___xxtofl           text17       0BF6
__end_of__initialization    cinit        1544
__end_of_abs                text13       14E2
__end_of_delay              text16       1404
__end_of_dtoa               text8        0D36
__end_of_fputc              text11       1294
__end_of_fputs              text10       1440
__end_of_main               text0        0E6E
__end_of_pad                text9        13BC
__end_of_putch              text12       156C
__end_of_read_prec_or_width text6        1332
__end_of_sprintf            text3        14AE
__end_of_strlen             text2        1510
__end_of_trx                text1        156A
__end_of_vfpfcnvrt          text5        1076
__end_of_vfprintf           text4        147A
__initialization            cinit        1536
__mediumconst               mediumconst  0000
__pbssBANK0                 bssBANK0     0060
__pbssCOMRAM                bssCOMRAM    005E
__pcinit                    cinit        1536
__pcstackCOMRAM             cstackCOMRAM 0001
__psmallconst               smallconst   0600
__ptext0                    text0        0D36
__ptext1                    text1        1552
__ptext10                   text10       1404
__ptext11                   text11       11EA
__ptext12                   text12       156A
__ptext13                   text13       14AE
__ptext14                   text14       113A
__ptext15                   text15       1076
__ptext16                   text16       13BC
__ptext17                   text17       0A42
__ptext18                   text18       0E6E
__ptext19                   text19       0618
__ptext2                    text2        14E2
__ptext3                    text3        147A
__ptext4                    text4        1440
__ptext5                    text5        0F74
__ptext6                    text6        1294
__ptext7                    text7        1510
__ptext8                    text8        0BF6
__ptext9                    text9        1332
__ramtop                    ramtop       0600
__smallconst                smallconst   0600
_abs                        text13       14AE
_dbuf                       bssBANK0     0064
_delay                      text16       13BC
_dtoa                       text8        0BF6
_dtoa$595                   cstackCOMRAM 0018
_flags                      bssCOMRAM    005E
_fputc                      text11       11EA
_fputs                      text10       1404
_main                       text0        0D36
_pad                        text9        1332
_prec                       bssBANK0     0062
_putch                      text12       156A
_read_prec_or_width         text6        1294
_sprintf                    text3        147A
_strlen                     text2        14E2
_trx                        text1        1552
_vfpfcnvrt                  text5        0F74
_vfprintf                   text4        1440
_width                      bssBANK0     0060
abs@a                       cstackCOMRAM 0007
delay@i                     cstackCOMRAM 0006
delay@time                  cstackCOMRAM 0001
dtoa@d                      cstackCOMRAM 0016
dtoa@fp                     cstackCOMRAM 0015
dtoa@i                      cstackCOMRAM 001E
dtoa@p                      cstackCOMRAM 001C
dtoa@s                      cstackCOMRAM 001D
dtoa@w                      cstackCOMRAM 001A
end_of_initialization       cinit        1544
fputc@c                     cstackCOMRAM 0001
fputc@fp                    cstackCOMRAM 0003
fputs@c                     cstackCOMRAM 000B
fputs@fp                    cstackCOMRAM 000A
fputs@i                     cstackCOMRAM 000C
fputs@s                     cstackCOMRAM 0009
intlevel0                   text         0000
intlevel1                   text         0000
intlevel2                   text         0000
intlevel3                   text         0000
isa$std                     (abs)        0001
isa$xinst                   (abs)        0000
main@a                      cstackCOMRAM 005C
main@adc                    cstackCOMRAM 0056
main@cnv                    cstackCOMRAM 003D
main@i                      cstackCOMRAM 005A
main@temp                   cstackCOMRAM 0058
pad@buf                     cstackCOMRAM 000F
pad@fp                      cstackCOMRAM 000E
pad@i                       cstackCOMRAM 0013
pad@p                       cstackCOMRAM 0010
read_prec_or_width@ap       cstackCOMRAM 0008
read_prec_or_width@c        cstackCOMRAM 0009
read_prec_or_width@fmt      cstackCOMRAM 0007
read_prec_or_width@n        cstackCOMRAM 000A
sprintf@ap                  cstackCOMRAM 0030
sprintf@f                   cstackCOMRAM 0031
sprintf@fmt                 cstackCOMRAM 002D
sprintf@s                   cstackCOMRAM 002C
stackhi                     (abs)        0000
stacklo                     (abs)        0000
start                       init         0000
start_initialization        cinit        1536
strlen@a                    cstackCOMRAM 0003
strlen@s                    cstackCOMRAM 0001
trx@b                       cstackCOMRAM 0001
vfpfcnvrt@ap                cstackCOMRAM 0022
vfpfcnvrt@convarg           cstackCOMRAM 0023
vfpfcnvrt@cp                cstackCOMRAM 0027
vfpfcnvrt@fmt               cstackCOMRAM 0021
vfpfcnvrt@fp                cstackCOMRAM 0020
vfprintf@ap                 cstackCOMRAM 002A
vfprintf@cfmt               cstackCOMRAM 002B
vfprintf@fmt                cstackCOMRAM 0029
vfprintf@fp                 cstackCOMRAM 0028


MODULE INFORMATION

Module		Function		Class		Link	Load	Size
C:\Program Files\Microchip\xc8\v2.46\pic\sources\c99\common\fltol.c
		___fltol       		CODE           	0E6E	0000	262

C:\Program Files\Microchip\xc8\v2.46\pic\sources\c99\common\fltol.c estimated size: 262

C:\Program Files\Microchip\xc8\v2.46\pic\sources\c99\common\nf_fputc.c
		_fputc         		CODE           	11EA	0000	170

C:\Program Files\Microchip\xc8\v2.46\pic\sources\c99\common\nf_fputc.c estimated size: 170

C:\Program Files\Microchip\xc8\v2.46\pic\sources\c99\common\awdiv.c
		___awdiv       		CODE           	1076	0000	196

C:\Program Files\Microchip\xc8\v2.46\pic\sources\c99\common\awdiv.c estimated size: 196

C:\Program Files\Microchip\xc8\v2.46\pic\sources\c99\common\xxtofl.c
		___xxtofl      		CODE           	0A42	0000	436

C:\Program Files\Microchip\xc8\v2.46\pic\sources\c99\common\xxtofl.c estimated size: 436

C:\Program Files\Microchip\xc8\v2.46\pic\sources\c99\common\strlen.c
		_strlen        		CODE           	14E2	0000	46

C:\Program Files\Microchip\xc8\v2.46\pic\sources\c99\common\strlen.c estimated size: 46

C:\Program Files\Microchip\xc8\v2.46\pic\sources\c99\common\sprcmul.c
		___flmul       		CODE           	0618	0000	1066

C:\Program Files\Microchip\xc8\v2.46\pic\sources\c99\common\sprcmul.c estimated size: 1066

C:\Program Files\Microchip\xc8\v2.46\pic\sources\c99\common\doprnt.c
		_read_prec_or_width		CODE           	1294	0000	158
		_vfpfcnvrt     		CODE           	0F74	0000	258
		_pad           		CODE           	1332	0000	138
		_dtoa          		CODE           	0BF6	0000	320
		_vfprintf      		CODE           	1440	0000	58

C:\Program Files\Microchip\xc8\v2.46\pic\sources\c99\common\doprnt.c estimated size: 932

C:\Program Files\Microchip\xc8\v2.46\pic\sources\c99\common\nf_sprintf.c
		_sprintf       		CODE           	147A	0000	52

C:\Program Files\Microchip\xc8\v2.46\pic\sources\c99\common\nf_sprintf.c estimated size: 52

shared
		__initialization		CODE           	1536	0000	14

shared estimated size: 14

C:\Program Files\Microchip\xc8\v2.46\pic\sources\c99\common\putch.c
		_putch         		CODE           	156A	0000	2

C:\Program Files\Microchip\xc8\v2.46\pic\sources\c99\common\putch.c estimated size: 2

C:\Program Files\Microchip\xc8\v2.46\pic\sources\c99\common\Umul16.c
		___wmul        		CODE           	1510	0000	38

C:\Program Files\Microchip\xc8\v2.46\pic\sources\c99\common\Umul16.c estimated size: 38

C:\Program Files\Microchip\xc8\v2.46\pic\sources\c99\common\nf_fputs.c
		_fputs         		CODE           	1404	0000	60

C:\Program Files\Microchip\xc8\v2.46\pic\sources\c99\common\nf_fputs.c estimated size: 60

lm35.c
		_delay         		CODE           	13BC	0000	72
		_main          		CODE           	0D36	0000	312
		_trx           		CODE           	1552	0000	24

lm35.c estimated size: 408

C:\Program Files\Microchip\xc8\v2.46\pic\sources\c99\common\abs.c
		_abs           		CODE           	14AE	0000	52

C:\Program Files\Microchip\xc8\v2.46\pic\sources\c99\common\abs.c estimated size: 52

C:\Program Files\Microchip\xc8\v2.46\pic\sources\c99\common\awmod.c
		___awmod       		CODE           	113A	0000	176

C:\Program Files\Microchip\xc8\v2.46\pic\sources\c99\common\awmod.c estimated size: 176

